Command terminated by signal 5
	Command being timed: "/work/fastercap_build/FasterCap -b fcout2/UnderDiag5/M5duM8/W0.021_W0.038/S0.042_S0.152_L10/wires.lst -g -a0.001 -ap"
	User time (seconds): 122.05
	System time (seconds): 0.45
	Percent of CPU this job got: 490%
	Elapsed (wall clock) time (h:mm:ss or m:ss): 0:24.99
	Average shared text size (kbytes): 0
	Average unshared data size (kbytes): 0
	Average stack size (kbytes): 0
	Average total size (kbytes): 0
	Maximum resident set size (kbytes): 146020
	Average resident set size (kbytes): 0
	Major (requiring I/O) page faults: 0
	Minor (reclaiming a frame) page faults: 121242
	Voluntary context switches: 5484
	Involuntary context switches: 2034
	Swaps: 0
	File system inputs: 0
	File system outputs: 15040
	Socket messages sent: 0
	Socket messages received: 0
	Signals delivered: 0
	Page size (bytes): 4096
	Exit status: 0
